Flow report for SimpleComputer
Mon Dec 11 22:45:07 2017
Quartus Prime Version 17.0.0 Build 595 04/25/2017 SJ Lite Edition


---------------------
; Table of Contents ;
---------------------
  1. Legal Notice
  2. Flow Summary
  3. Flow Settings
  4. Flow Non-Default Global Settings
  5. Flow Elapsed Time
  6. Flow OS Summary
  7. Flow Log
  8. Flow Messages
  9. Flow Suppressed Messages



----------------
; Legal Notice ;
----------------
Copyright (C) 2017  Intel Corporation. All rights reserved.
Your use of Intel Corporation's design tools, logic functions 
and other software and tools, and its AMPP partner logic 
functions, and any output files from any of the foregoing 
(including device programming or simulation files), and any 
associated documentation or information are expressly subject 
to the terms and conditions of the Intel Program License 
Subscription Agreement, the Intel Quartus Prime License Agreement,
the Intel MegaCore Function License Agreement, or other 
applicable license agreement, including, without limitation, 
that your use is for the sole purpose of programming logic 
devices manufactured by Intel and sold by Intel or its 
authorized distributors.  Please refer to the applicable 
agreement for further details.



+----------------------------------------------------------------------------------+
; Flow Summary                                                                     ;
+------------------------------------+---------------------------------------------+
; Flow Status                        ; Successful - Mon Dec 11 22:45:07 2017       ;
; Quartus Prime Version              ; 17.0.0 Build 595 04/25/2017 SJ Lite Edition ;
; Revision Name                      ; SimpleComputer                              ;
; Top-level Entity Name              ; ECE2504SimpleComputer                       ;
; Family                             ; Cyclone IV E                                ;
; Device                             ; EP4CE22F17C6                                ;
; Timing Models                      ; Final                                       ;
; Total logic elements               ; 5,996 / 22,320 ( 27 % )                     ;
;     Total combinational functions  ; 4,208 / 22,320 ( 19 % )                     ;
;     Dedicated logic registers      ; 4,243 / 22,320 ( 19 % )                     ;
; Total registers                    ; 4243                                        ;
; Total pins                         ; 15 / 154 ( 10 % )                           ;
; Total virtual pins                 ; 0                                           ;
; Total memory bits                  ; 0 / 608,256 ( 0 % )                         ;
; Embedded Multiplier 9-bit elements ; 0 / 132 ( 0 % )                             ;
; Total PLLs                         ; 0 / 4 ( 0 % )                               ;
+------------------------------------+---------------------------------------------+


+-----------------------------------------+
; Flow Settings                           ;
+-------------------+---------------------+
; Option            ; Setting             ;
+-------------------+---------------------+
; Start date & time ; 12/11/2017 22:20:29 ;
; Main task         ; Compilation         ;
; Revision Name     ; SimpleComputer      ;
+-------------------+---------------------+


+------------------------------------------------------------------------------------------------------------------------------------+
; Flow Non-Default Global Settings                                                                                                   ;
+-------------------------------------+----------------------------------------+----------------+-----------------------+------------+
; Assignment Name                     ; Value                                  ; Default Value  ; Entity Name           ; Section Id ;
+-------------------------------------+----------------------------------------+----------------+-----------------------+------------+
; COMPILER_SIGNATURE_ID               ; 10995770589188.151304882920560         ; --             ; --                    ; --         ;
; MAX_CORE_JUNCTION_TEMP              ; 85                                     ; --             ; --                    ; --         ;
; MIN_CORE_JUNCTION_TEMP              ; 0                                      ; --             ; --                    ; --         ;
; NOMINAL_CORE_SUPPLY_VOLTAGE         ; 1.2V                                   ; --             ; --                    ; --         ;
; PARTITION_COLOR                     ; -- (Not supported for targeted family) ; --             ; ECE2504SimpleComputer ; Top        ;
; PARTITION_FITTER_PRESERVATION_LEVEL ; -- (Not supported for targeted family) ; --             ; ECE2504SimpleComputer ; Top        ;
; PARTITION_NETLIST_TYPE              ; -- (Not supported for targeted family) ; --             ; ECE2504SimpleComputer ; Top        ;
; PROJECT_OUTPUT_DIRECTORY            ; output_files                           ; --             ; --                    ; --         ;
; TOP_LEVEL_ENTITY                    ; ECE2504SimpleComputer                  ; SimpleComputer ; --                    ; --         ;
+-------------------------------------+----------------------------------------+----------------+-----------------------+------------+


+-------------------------------------------------------------------------------------------------------------------------------+
; Flow Elapsed Time                                                                                                             ;
+---------------------------+--------------+-------------------------+---------------------+------------------------------------+
; Module Name               ; Elapsed Time ; Average Processors Used ; Peak Virtual Memory ; Total CPU Time (on all processors) ;
+---------------------------+--------------+-------------------------+---------------------+------------------------------------+
; Analysis & Synthesis      ; 00:00:25     ; 1.0                     ; 756 MB              ; 00:00:39                           ;
; Fitter                    ; 00:00:35     ; 1.1                     ; 1544 MB             ; 00:00:53                           ;
; Assembler                 ; 00:00:02     ; 1.0                     ; 621 MB              ; 00:00:02                           ;
; TimeQuest Timing Analyzer ; 00:00:06     ; 1.5                     ; 788 MB              ; 00:00:06                           ;
; EDA Netlist Writer        ; 00:00:01     ; 1.0                     ; 571 MB              ; 00:00:01                           ;
; EDA Netlist Writer        ; 00:00:01     ; 1.0                     ; 571 MB              ; 00:00:01                           ;
; EDA Netlist Writer        ; 00:00:01     ; 1.0                     ; 571 MB              ; 00:00:01                           ;
; EDA Netlist Writer        ; 00:00:01     ; 1.0                     ; 571 MB              ; 00:00:01                           ;
; EDA Netlist Writer        ; 00:00:02     ; 1.0                     ; 588 MB              ; 00:00:02                           ;
; EDA Netlist Writer        ; 00:00:01     ; 1.0                     ; 571 MB              ; 00:00:01                           ;
; EDA Netlist Writer        ; 00:00:01     ; 1.0                     ; 588 MB              ; 00:00:02                           ;
; EDA Netlist Writer        ; 00:00:01     ; 1.0                     ; 571 MB              ; 00:00:01                           ;
; EDA Netlist Writer        ; 00:00:02     ; 1.0                     ; 588 MB              ; 00:00:02                           ;
; Total                     ; 00:01:19     ; --                      ; --                  ; 00:01:52                           ;
+---------------------------+--------------+-------------------------+---------------------+------------------------------------+


+-----------------------------------------------------------------------------------------+
; Flow OS Summary                                                                         ;
+---------------------------+------------------+------------+------------+----------------+
; Module Name               ; Machine Hostname ; OS Name    ; OS Version ; Processor type ;
+---------------------------+------------------+------------+------------+----------------+
; Analysis & Synthesis      ; ALPHA-LAMBDA     ; Windows 10 ; 10.0       ; x86_64         ;
; Fitter                    ; ALPHA-LAMBDA     ; Windows 10 ; 10.0       ; x86_64         ;
; Assembler                 ; ALPHA-LAMBDA     ; Windows 10 ; 10.0       ; x86_64         ;
; TimeQuest Timing Analyzer ; ALPHA-LAMBDA     ; Windows 10 ; 10.0       ; x86_64         ;
; EDA Netlist Writer        ; ALPHA-LAMBDA     ; Windows 10 ; 10.0       ; x86_64         ;
; EDA Netlist Writer        ; ALPHA-LAMBDA     ; Windows 10 ; 10.0       ; x86_64         ;
; EDA Netlist Writer        ; ALPHA-LAMBDA     ; Windows 10 ; 10.0       ; x86_64         ;
; EDA Netlist Writer        ; ALPHA-LAMBDA     ; Windows 10 ; 10.0       ; x86_64         ;
; EDA Netlist Writer        ; ALPHA-LAMBDA     ; Windows 10 ; 10.0       ; x86_64         ;
; EDA Netlist Writer        ; ALPHA-LAMBDA     ; Windows 10 ; 10.0       ; x86_64         ;
; EDA Netlist Writer        ; ALPHA-LAMBDA     ; Windows 10 ; 10.0       ; x86_64         ;
; EDA Netlist Writer        ; ALPHA-LAMBDA     ; Windows 10 ; 10.0       ; x86_64         ;
; EDA Netlist Writer        ; ALPHA-LAMBDA     ; Windows 10 ; 10.0       ; x86_64         ;
+---------------------------+------------------+------------+------------+----------------+


------------
; Flow Log ;
------------
quartus_map --read_settings_files=on --write_settings_files=off SimpleComputer -c SimpleComputer
quartus_fit --read_settings_files=off --write_settings_files=off SimpleComputer -c SimpleComputer
quartus_asm --read_settings_files=off --write_settings_files=off SimpleComputer -c SimpleComputer
quartus_sta SimpleComputer -c SimpleComputer
quartus_eda --gen_testbench --tool=modelsim_oem --format=verilog --write_settings_files=off SimpleComputer -c SimpleComputer --vector_source=D:/GitHub/ECE2504/Project04/Quartus/SimpleComputer_DP4_working/Waveform.vwf --testbench_file=D:/GitHub/ECE2504/Project04/Quartus/SimpleComputer_DP4_working/simulation/qsim/Waveform.vwf.vt
quartus_eda --gen_testbench --tool=modelsim_oem --format=verilog --write_settings_files=off SimpleComputer -c SimpleComputer --vector_source=D:/GitHub/ECE2504/Project04/Quartus/SimpleComputer_DP4_working/Waveform.vwf --testbench_file=D:/GitHub/ECE2504/Project04/Quartus/SimpleComputer_DP4_working/simulation/qsim/Waveform.vwf.vt
quartus_eda --gen_testbench --tool=modelsim_oem --format=verilog --write_settings_files=off SimpleComputer -c SimpleComputer --vector_source=D:/GitHub/ECE2504/Project04/Quartus/SimpleComputer_DP4_working/Waveform.vwf --testbench_file=D:/GitHub/ECE2504/Project04/Quartus/SimpleComputer_DP4_working/simulation/qsim/Waveform.vwf.vt
quartus_eda --gen_testbench --tool=modelsim_oem --format=verilog --write_settings_files=off SimpleComputer -c SimpleComputer --vector_source=D:/GitHub/ECE2504/Project04/Quartus/SimpleComputer_DP4_working/Waveform.vwf --testbench_file=D:/GitHub/ECE2504/Project04/Quartus/SimpleComputer_DP4_working/simulation/qsim/Waveform.vwf.vt
quartus_eda --write_settings_files=off --simulation=on --functional=on --flatten_buses=off --tool=modelsim_oem --format=verilog --output_directory=D:/GitHub/ECE2504/Project04/Quartus/SimpleComputer_DP4_working/simulation/qsim/ SimpleComputer -c SimpleComputer
quartus_eda --gen_testbench --tool=modelsim_oem --format=verilog --write_settings_files=off SimpleComputer -c SimpleComputer --vector_source=D:/GitHub/ECE2504/Project04/Quartus/SimpleComputer_DP4_working/Waveform.vwf --testbench_file=D:/GitHub/ECE2504/Project04/Quartus/SimpleComputer_DP4_working/simulation/qsim/Waveform.vwf.vt
quartus_eda --write_settings_files=off --simulation=on --functional=on --flatten_buses=off --tool=modelsim_oem --format=verilog --output_directory=D:/GitHub/ECE2504/Project04/Quartus/SimpleComputer_DP4_working/simulation/qsim/ SimpleComputer -c SimpleComputer
quartus_eda --gen_testbench --tool=modelsim_oem --format=verilog --write_settings_files=off SimpleComputer -c SimpleComputer --vector_source=D:/GitHub/ECE2504/Project04/Quartus/SimpleComputer_DP4_working/Waveform.vwf --testbench_file=D:/GitHub/ECE2504/Project04/Quartus/SimpleComputer_DP4_working/simulation/qsim/Waveform.vwf.vt
quartus_eda --write_settings_files=off --simulation=on --functional=on --flatten_buses=off --tool=modelsim_oem --format=verilog --output_directory=D:/GitHub/ECE2504/Project04/Quartus/SimpleComputer_DP4_working/simulation/qsim/ SimpleComputer -c SimpleComputer



